mode: atomic
github.com/DavidMWeaver4/Davids_Redis_Clone/internal/protocol/resp_reader.go:12.48,14.16 2 39
github.com/DavidMWeaver4/Davids_Redis_Clone/internal/protocol/resp_reader.go:14.16,16.3 1 0
github.com/DavidMWeaver4/Davids_Redis_Clone/internal/protocol/resp_reader.go:17.2,17.16 1 39
github.com/DavidMWeaver4/Davids_Redis_Clone/internal/protocol/resp_reader.go:18.11,19.34 1 7
github.com/DavidMWeaver4/Davids_Redis_Clone/internal/protocol/resp_reader.go:20.11,21.27 1 2
github.com/DavidMWeaver4/Davids_Redis_Clone/internal/protocol/resp_reader.go:22.11,23.29 1 8
github.com/DavidMWeaver4/Davids_Redis_Clone/internal/protocol/resp_reader.go:24.11,25.32 1 12
github.com/DavidMWeaver4/Davids_Redis_Clone/internal/protocol/resp_reader.go:26.11,27.27 1 7
github.com/DavidMWeaver4/Davids_Redis_Clone/internal/protocol/resp_reader.go:28.10,29.63 1 3
github.com/DavidMWeaver4/Davids_Redis_Clone/internal/protocol/resp_reader.go:34.53,37.16 2 36
github.com/DavidMWeaver4/Davids_Redis_Clone/internal/protocol/resp_reader.go:37.16,39.3 1 2
github.com/DavidMWeaver4/Davids_Redis_Clone/internal/protocol/resp_reader.go:40.2,40.19 1 34
github.com/DavidMWeaver4/Davids_Redis_Clone/internal/protocol/resp_reader.go:40.19,42.3 1 0
github.com/DavidMWeaver4/Davids_Redis_Clone/internal/protocol/resp_reader.go:43.2,43.38 1 34
github.com/DavidMWeaver4/Davids_Redis_Clone/internal/protocol/resp_reader.go:43.38,45.3 1 1
github.com/DavidMWeaver4/Davids_Redis_Clone/internal/protocol/resp_reader.go:46.2,46.46 1 33
github.com/DavidMWeaver4/Davids_Redis_Clone/internal/protocol/resp_reader.go:49.60,51.16 2 7
github.com/DavidMWeaver4/Davids_Redis_Clone/internal/protocol/resp_reader.go:51.16,53.3 1 3
github.com/DavidMWeaver4/Davids_Redis_Clone/internal/protocol/resp_reader.go:54.2,54.34 1 4
github.com/DavidMWeaver4/Davids_Redis_Clone/internal/protocol/resp_reader.go:57.53,59.16 2 2
github.com/DavidMWeaver4/Davids_Redis_Clone/internal/protocol/resp_reader.go:59.16,61.3 1 0
github.com/DavidMWeaver4/Davids_Redis_Clone/internal/protocol/resp_reader.go:62.2,62.27 1 2
github.com/DavidMWeaver4/Davids_Redis_Clone/internal/protocol/resp_reader.go:65.55,67.16 2 8
github.com/DavidMWeaver4/Davids_Redis_Clone/internal/protocol/resp_reader.go:67.16,69.3 1 0
github.com/DavidMWeaver4/Davids_Redis_Clone/internal/protocol/resp_reader.go:70.2,71.16 2 8
github.com/DavidMWeaver4/Davids_Redis_Clone/internal/protocol/resp_reader.go:71.16,73.3 1 3
github.com/DavidMWeaver4/Davids_Redis_Clone/internal/protocol/resp_reader.go:74.2,74.38 1 5
github.com/DavidMWeaver4/Davids_Redis_Clone/internal/protocol/resp_reader.go:77.58,79.16 2 12
github.com/DavidMWeaver4/Davids_Redis_Clone/internal/protocol/resp_reader.go:79.16,81.3 1 0
github.com/DavidMWeaver4/Davids_Redis_Clone/internal/protocol/resp_reader.go:82.2,83.16 2 12
github.com/DavidMWeaver4/Davids_Redis_Clone/internal/protocol/resp_reader.go:83.16,85.3 1 1
github.com/DavidMWeaver4/Davids_Redis_Clone/internal/protocol/resp_reader.go:86.2,86.25 1 11
github.com/DavidMWeaver4/Davids_Redis_Clone/internal/protocol/resp_reader.go:86.25,88.3 1 1
github.com/DavidMWeaver4/Davids_Redis_Clone/internal/protocol/resp_reader.go:89.2,89.24 1 10
github.com/DavidMWeaver4/Davids_Redis_Clone/internal/protocol/resp_reader.go:89.24,91.3 1 1
github.com/DavidMWeaver4/Davids_Redis_Clone/internal/protocol/resp_reader.go:92.2,94.16 3 9
github.com/DavidMWeaver4/Davids_Redis_Clone/internal/protocol/resp_reader.go:94.16,96.3 1 0
github.com/DavidMWeaver4/Davids_Redis_Clone/internal/protocol/resp_reader.go:98.2,100.16 3 9
github.com/DavidMWeaver4/Davids_Redis_Clone/internal/protocol/resp_reader.go:100.16,102.3 1 2
github.com/DavidMWeaver4/Davids_Redis_Clone/internal/protocol/resp_reader.go:103.2,103.46 1 7
github.com/DavidMWeaver4/Davids_Redis_Clone/internal/protocol/resp_reader.go:103.46,105.3 1 1
github.com/DavidMWeaver4/Davids_Redis_Clone/internal/protocol/resp_reader.go:107.2,107.44 1 6
github.com/DavidMWeaver4/Davids_Redis_Clone/internal/protocol/resp_reader.go:110.53,112.16 2 7
github.com/DavidMWeaver4/Davids_Redis_Clone/internal/protocol/resp_reader.go:112.16,114.3 1 0
github.com/DavidMWeaver4/Davids_Redis_Clone/internal/protocol/resp_reader.go:115.2,116.16 2 7
github.com/DavidMWeaver4/Davids_Redis_Clone/internal/protocol/resp_reader.go:116.16,118.3 1 1
github.com/DavidMWeaver4/Davids_Redis_Clone/internal/protocol/resp_reader.go:119.2,119.25 1 6
github.com/DavidMWeaver4/Davids_Redis_Clone/internal/protocol/resp_reader.go:119.25,121.3 1 1
github.com/DavidMWeaver4/Davids_Redis_Clone/internal/protocol/resp_reader.go:122.2,122.24 1 5
github.com/DavidMWeaver4/Davids_Redis_Clone/internal/protocol/resp_reader.go:122.24,124.3 1 1
github.com/DavidMWeaver4/Davids_Redis_Clone/internal/protocol/resp_reader.go:125.2,126.31 2 4
github.com/DavidMWeaver4/Davids_Redis_Clone/internal/protocol/resp_reader.go:126.31,128.17 2 5
github.com/DavidMWeaver4/Davids_Redis_Clone/internal/protocol/resp_reader.go:128.17,130.4 1 0
github.com/DavidMWeaver4/Davids_Redis_Clone/internal/protocol/resp_reader.go:131.3,131.19 1 5
github.com/DavidMWeaver4/Davids_Redis_Clone/internal/protocol/resp_reader.go:133.2,133.30 1 4
github.com/DavidMWeaver4/Davids_Redis_Clone/internal/protocol/resp_writer.go:8.40,9.16 1 14
github.com/DavidMWeaver4/Davids_Redis_Clone/internal/protocol/resp_writer.go:10.20,12.13 2 1
github.com/DavidMWeaver4/Davids_Redis_Clone/internal/protocol/resp_writer.go:13.13,15.13 2 1
github.com/DavidMWeaver4/Davids_Redis_Clone/internal/protocol/resp_writer.go:16.15,18.13 2 2
github.com/DavidMWeaver4/Davids_Redis_Clone/internal/protocol/resp_writer.go:19.18,21.13 2 5
github.com/DavidMWeaver4/Davids_Redis_Clone/internal/protocol/resp_writer.go:22.12,24.13 2 1
github.com/DavidMWeaver4/Davids_Redis_Clone/internal/protocol/resp_writer.go:25.13,26.32 1 3
github.com/DavidMWeaver4/Davids_Redis_Clone/internal/protocol/resp_writer.go:27.10,28.56 1 1
github.com/DavidMWeaver4/Davids_Redis_Clone/internal/protocol/resp_writer.go:31.52,33.16 2 3
github.com/DavidMWeaver4/Davids_Redis_Clone/internal/protocol/resp_writer.go:33.16,35.3 1 0
github.com/DavidMWeaver4/Davids_Redis_Clone/internal/protocol/resp_writer.go:37.2,37.31 1 3
github.com/DavidMWeaver4/Davids_Redis_Clone/internal/protocol/resp_writer.go:37.31,39.17 2 6
github.com/DavidMWeaver4/Davids_Redis_Clone/internal/protocol/resp_writer.go:39.17,41.4 1 0
github.com/DavidMWeaver4/Davids_Redis_Clone/internal/protocol/resp_writer.go:44.2,44.12 1 3
github.com/DavidMWeaver4/Davids_Redis_Clone/internal/protocol/value.go:24.38,29.2 1 5
github.com/DavidMWeaver4/Davids_Redis_Clone/internal/protocol/value.go:31.31,36.2 1 3
github.com/DavidMWeaver4/Davids_Redis_Clone/internal/protocol/value.go:38.32,43.2 1 7
github.com/DavidMWeaver4/Davids_Redis_Clone/internal/protocol/value.go:45.36,50.2 1 11
github.com/DavidMWeaver4/Davids_Redis_Clone/internal/protocol/value.go:52.32,56.2 1 2
github.com/DavidMWeaver4/Davids_Redis_Clone/internal/protocol/value.go:58.37,63.2 1 7
github.com/DavidMWeaver4/Davids_Redis_Clone/internal/protocol/value.go:65.27,69.2 1 1
github.com/DavidMWeaver4/Davids_Redis_Clone/internal/store/store.go:10.19,14.2 1 11
github.com/DavidMWeaver4/Davids_Redis_Clone/internal/store/store.go:16.40,21.2 3 210
github.com/DavidMWeaver4/Davids_Redis_Clone/internal/store/store.go:23.48,29.2 4 108
github.com/DavidMWeaver4/Davids_Redis_Clone/internal/store/store.go:31.40,35.13 4 3
github.com/DavidMWeaver4/Davids_Redis_Clone/internal/store/store.go:35.13,37.3 1 1
github.com/DavidMWeaver4/Davids_Redis_Clone/internal/store/store.go:38.2,39.10 2 2
github.com/DavidMWeaver4/Davids_Redis_Clone/internal/store/store.go:42.41,48.2 4 2
github.com/DavidMWeaver4/Davids_Redis_Clone/cmd/server/main.go:10.13,15.2 3 0
github.com/DavidMWeaver4/Davids_Redis_Clone/internal/server/commands.go:19.65,20.36 1 3
github.com/DavidMWeaver4/Davids_Redis_Clone/internal/server/commands.go:20.36,22.3 1 0
github.com/DavidMWeaver4/Davids_Redis_Clone/internal/server/commands.go:23.2,23.29 1 3
github.com/DavidMWeaver4/Davids_Redis_Clone/internal/server/commands.go:23.29,25.3 1 0
github.com/DavidMWeaver4/Davids_Redis_Clone/internal/server/commands.go:26.2,27.37 2 3
github.com/DavidMWeaver4/Davids_Redis_Clone/internal/server/commands.go:27.37,29.3 1 0
github.com/DavidMWeaver4/Davids_Redis_Clone/internal/server/commands.go:30.2,32.42 2 3
github.com/DavidMWeaver4/Davids_Redis_Clone/internal/server/commands.go:32.42,33.40 1 3
github.com/DavidMWeaver4/Davids_Redis_Clone/internal/server/commands.go:33.40,35.4 1 0
github.com/DavidMWeaver4/Davids_Redis_Clone/internal/server/commands.go:36.3,36.22 1 3
github.com/DavidMWeaver4/Davids_Redis_Clone/internal/server/commands.go:38.2,39.9 2 3
github.com/DavidMWeaver4/Davids_Redis_Clone/internal/server/commands.go:39.9,41.3 1 0
github.com/DavidMWeaver4/Davids_Redis_Clone/internal/server/commands.go:42.2,42.25 1 3
github.com/DavidMWeaver4/Davids_Redis_Clone/internal/server/commands.go:44.52,46.2 1 2
github.com/DavidMWeaver4/Davids_Redis_Clone/internal/server/commands.go:48.51,49.20 1 5
github.com/DavidMWeaver4/Davids_Redis_Clone/internal/server/commands.go:49.20,52.3 1 3
github.com/DavidMWeaver4/Davids_Redis_Clone/internal/server/commands.go:53.2,57.39 4 2
github.com/DavidMWeaver4/Davids_Redis_Clone/internal/server/commands.go:60.51,61.20 1 5
github.com/DavidMWeaver4/Davids_Redis_Clone/internal/server/commands.go:61.20,63.3 1 2
github.com/DavidMWeaver4/Davids_Redis_Clone/internal/server/commands.go:64.2,65.9 2 3
github.com/DavidMWeaver4/Davids_Redis_Clone/internal/server/commands.go:65.9,67.3 1 1
github.com/DavidMWeaver4/Davids_Redis_Clone/internal/server/commands.go:68.2,68.38 1 2
github.com/DavidMWeaver4/Davids_Redis_Clone/internal/server/commands.go:71.61,72.20 1 4
github.com/DavidMWeaver4/Davids_Redis_Clone/internal/server/commands.go:72.20,74.3 1 2
github.com/DavidMWeaver4/Davids_Redis_Clone/internal/server/commands.go:75.2,76.44 2 2
github.com/DavidMWeaver4/Davids_Redis_Clone/internal/server/commands.go:79.54,80.20 1 4
github.com/DavidMWeaver4/Davids_Redis_Clone/internal/server/commands.go:80.20,82.3 1 2
github.com/DavidMWeaver4/Davids_Redis_Clone/internal/server/commands.go:83.2,83.29 1 2
github.com/DavidMWeaver4/Davids_Redis_Clone/internal/server/commands.go:83.29,85.3 1 1
github.com/DavidMWeaver4/Davids_Redis_Clone/internal/server/commands.go:86.2,86.31 1 1
github.com/DavidMWeaver4/Davids_Redis_Clone/internal/server/server.go:17.47,22.2 1 2
github.com/DavidMWeaver4/Davids_Redis_Clone/internal/server/server.go:24.41,26.16 2 0
github.com/DavidMWeaver4/Davids_Redis_Clone/internal/server/server.go:26.16,28.3 1 0
github.com/DavidMWeaver4/Davids_Redis_Clone/internal/server/server.go:29.2,30.6 2 0
github.com/DavidMWeaver4/Davids_Redis_Clone/internal/server/server.go:30.6,32.17 2 0
github.com/DavidMWeaver4/Davids_Redis_Clone/internal/server/server.go:32.17,34.12 2 0
github.com/DavidMWeaver4/Davids_Redis_Clone/internal/server/server.go:37.3,37.26 1 0
github.com/DavidMWeaver4/Davids_Redis_Clone/internal/server/server.go:41.46,46.6 3 2
github.com/DavidMWeaver4/Davids_Redis_Clone/internal/server/server.go:46.6,48.17 2 5
github.com/DavidMWeaver4/Davids_Redis_Clone/internal/server/server.go:48.17,51.4 2 2
github.com/DavidMWeaver4/Davids_Redis_Clone/internal/server/server.go:53.3,55.17 3 3
github.com/DavidMWeaver4/Davids_Redis_Clone/internal/server/server.go:55.17,58.4 2 0
